# Running task 3: Batch requests with RAG

/// Indexing contexts for RAG...
... Indexed context 'osdi24-lee': {'status': 'success', 'message': "Context 'osdi24-lee' indexed."}
... Indexed context 'click': {'status': 'success', 'message': "Context 'click' indexed."}
... Indexed context 'sigcomm2023_janus': {'status': 'success', 'message': "Context 'sigcomm2023_janus' indexed."}
... Indexed context 'extra-compound-mape': {'status': 'success', 'message': "Context 'extra-compound-mape' indexed."}
... Indexed context 'osdi24-sun-biao': {'status': 'success', 'message': "Context 'osdi24-sun-biao' indexed."}
... Indexed context 'metron-nsdi18': {'status': 'success', 'message': "Context 'metron-nsdi18' indexed."}
... Indexed context 'nsdi20-paper-barbette': {'status': 'success', 'message': "Context 'nsdi20-paper-barbette' indexed."}
... Indexed context 'extra-estimate-performance': {'status': 'success', 'message': "Context 'extra-estimate-performance' indexed."}
... Indexed context 'cacheblend': {'status': 'success', 'message': "Context 'cacheblend' indexed."}
... Indexed context 'SplitRPC-sigmetrics23': {'status': 'success', 'message': "Context 'SplitRPC-sigmetrics23' indexed."}

(📝 Indexing delay: 0.63 seconds


(📝 Response delay: 38.15 seconds

--------------------------------------------------------------
# Response:
[{'request_idx': 5, 'latency': 1.2706646574661136, 'rag_accuracy': 0.8333333333333334, 'rag_latency': 0.004109087400138378, 'rag_context_key': 'SplitRPC-sigmetrics23'}, {'request_idx': 13, 'latency': 0.7403823211789131, 'rag_accuracy': 0.8333333333333334, 'rag_latency': 0.004042759537696838, 'rag_context_key': 'SplitRPC-sigmetrics23'}, {'request_idx': 25, 'latency': 1.4084145799279213, 'rag_accuracy': 0.8333333333333334, 'rag_latency': 0.003974398598074913, 'rag_context_key': 'SplitRPC-sigmetrics23'}, {'request_idx': 2, 'latency': 1.353673898614943, 'rag_accuracy': 0.8333333333333334, 'rag_latency': 0.004507850855588913, 'rag_context_key': 'cacheblend'}, {'request_idx': 12, 'latency': 0.49075798224657774, 'rag_accuracy': 0.8333333333333334, 'rag_latency': 0.004416474141180515, 'rag_context_key': 'cacheblend'}, {'request_idx': 17, 'latency': 2.732483198866248, 'rag_accuracy': 0.8333333333333334, 'rag_latency': 0.00436036754399538, 'rag_context_key': 'cacheblend'}, {'request_idx': 19, 'latency': 0.7314935568720102, 'rag_accuracy': 0.8333333333333334, 'rag_latency': 0.004217944107949734, 'rag_context_key': 'click'}, {'request_idx': 21, 'latency': 1.3563710432499647, 'rag_accuracy': 0.8333333333333334, 'rag_latency': 0.004049682058393955, 'rag_context_key': 'click'}, {'request_idx': 28, 'latency': 0.6907931407913566, 'rag_accuracy': 0.8333333333333334, 'rag_latency': 0.003953652456402779, 'rag_context_key': 'click'}, {'request_idx': 0, 'latency': 1.5909166811034083, 'rag_accuracy': 0.8333333333333334, 'rag_latency': 0.01692279800772667, 'rag_context_key': 'extra-compound-mape'}, {'request_idx': 3, 'latency': 2.223546512424946, 'rag_accuracy': 0.8333333333333334, 'rag_latency': 0.004392088390886784, 'rag_context_key': 'extra-compound-mape'}, {'request_idx': 22, 'latency': 1.2843297952786088, 'rag_accuracy': 0.8333333333333334, 'rag_latency': 0.004369433969259262, 'rag_context_key': 'extra-compound-mape'}, {'request_idx': 27, 'latency': 0.5306549482047558, 'rag_accuracy': 0.8333333333333334, 'rag_latency': 0.004090428352355957, 'rag_context_key': 'extra-compound-mape'}, {'request_idx': 1, 'latency': 0.6514441473409534, 'rag_accuracy': 0.8333333333333334, 'rag_latency': 0.010606804862618446, 'rag_context_key': 'extra-estimate-performance'}, {'request_idx': 18, 'latency': 0.5017354851588607, 'rag_accuracy': 0.8333333333333334, 'rag_latency': 0.004095382988452911, 'rag_context_key': 'extra-estimate-performance'}, {'request_idx': 23, 'latency': 0.7314506247639656, 'rag_accuracy': 0.8333333333333334, 'rag_latency': 0.004335004836320877, 'rag_context_key': 'extra-estimate-performance'}, {'request_idx': 6, 'latency': 0.5855875937268138, 'rag_accuracy': 0.8333333333333334, 'rag_latency': 0.004305689595639706, 'rag_context_key': 'metron-nsdi18'}, {'request_idx': 7, 'latency': 0.4417705489322543, 'rag_accuracy': 0.8333333333333334, 'rag_latency': 0.004097895696759224, 'rag_context_key': 'metron-nsdi18'}, {'request_idx': 11, 'latency': 1.503107980825007, 'rag_accuracy': 0.8333333333333334, 'rag_latency': 0.004067522473633289, 'rag_context_key': 'metron-nsdi18'}, {'request_idx': 26, 'latency': 1.3457411350682378, 'rag_accuracy': 0.8333333333333334, 'rag_latency': 0.004077356308698654, 'rag_context_key': 'metron-nsdi18'}, {'request_idx': 4, 'latency': 0.9275988657027483, 'rag_accuracy': 0.8333333333333334, 'rag_latency': 0.004128805361688137, 'rag_context_key': 'nsdi20-paper-barbette'}, {'request_idx': 14, 'latency': 1.576367100700736, 'rag_accuracy': 0.8333333333333334, 'rag_latency': 0.004084086045622826, 'rag_context_key': 'nsdi20-paper-barbette'}, {'request_idx': 8, 'latency': 1.3664927016943693, 'rag_accuracy': 0.8333333333333334, 'rag_latency': 0.004092819057404995, 'rag_context_key': 'osdi24-lee'}, {'request_idx': 29, 'latency': 1.152096949517727, 'rag_accuracy': 0.8333333333333334, 'rag_latency': 0.004049654118716717, 'rag_context_key': 'osdi24-lee'}, {'request_idx': 9, 'latency': 2.2693452602252364, 'rag_accuracy': 0.8333333333333334, 'rag_latency': 0.004084581509232521, 'rag_context_key': 'osdi24-sun-biao'}, {'request_idx': 10, 'latency': 1.9570124996826053, 'rag_accuracy': 0.8333333333333334, 'rag_latency': 0.004069189541041851, 'rag_context_key': 'osdi24-sun-biao'}, {'request_idx': 16, 'latency': 0.8095447607338428, 'rag_accuracy': 0.8333333333333334, 'rag_latency': 0.0041052959859371185, 'rag_context_key': 'osdi24-sun-biao'}, {'request_idx': 20, 'latency': 2.026427230797708, 'rag_accuracy': 0.8333333333333334, 'rag_latency': 0.004194349981844425, 'rag_context_key': 'osdi24-sun-biao'}, {'request_idx': 15, 'latency': 1.938952655531466, 'rag_accuracy': 0.8333333333333334, 'rag_latency': 0.004052426666021347, 'rag_context_key': 'sigcomm2023_janus'}, {'request_idx': 24, 'latency': 1.7950907070189714, 'rag_accuracy': 0.8333333333333334, 'rag_latency': 0.004103264771401882, 'rag_context_key': 'sigcomm2023_janus'}]
--------------------------------------------------------------

Plot saved to reports/task3_question1_2_rag_rag_latency_vs_req_id.png
Plot saved to reports/task3_question1_2_latency_vs_seq_length.png
Multi-line plot saved to reports/task3_question1_2_multi_latency_vs_seq_length.png
Plot saved to reports/task3_question1_2_latency_vs_req_id.png
